[dedeluxe.info/index.html]
[backblue.gif]
[fade.gif]
[index.html]
[dedeluxe.info/wp-content/plugins/kubio/lib/shapes/header-shapes/circles.png]
[dedeluxe.info/wp-content/plugins/kubio/lib/shapes/header-shapes/10degree-stripes.png]
[dedeluxe.info/wp-content/plugins/kubio/lib/shapes/header-shapes/rounded-squares-blue.png]
[dedeluxe.info/wp-content/plugins/kubio/lib/shapes/header-shapes/many-rounded-squares-blue.png]
[dedeluxe.info/wp-content/plugins/kubio/lib/shapes/header-shapes/two-circles.png]
[dedeluxe.info/wp-content/plugins/kubio/lib/shapes/header-shapes/circles-2.png]
[dedeluxe.info/wp-content/plugins/kubio/lib/shapes/header-shapes/circles-3.png]
[dedeluxe.info/wp-content/plugins/kubio/lib/shapes/header-shapes/circles-gradient.png]
[dedeluxe.info/wp-content/plugins/kubio/lib/shapes/header-shapes/circles-white-gradient.png]
[dedeluxe.info/wp-content/plugins/kubio/lib/shapes/header-shapes/waves.png]
[dedeluxe.info/wp-content/plugins/kubio/lib/shapes/header-shapes/waves-inverted.png]
[dedeluxe.info/wp-content/plugins/kubio/lib/shapes/header-shapes/dots.png]
[dedeluxe.info/wp-content/plugins/kubio/lib/shapes/header-shapes/left-tilted-lines.png]
[dedeluxe.info/wp-content/plugins/kubio/lib/shapes/header-shapes/right-tilted-lines.png]
[dedeluxe.info/wp-content/plugins/kubio/lib/shapes/header-shapes/right-tilted-strips.png]
[dedeluxe.info/wp-content/plugins/kubio/lib/shapes/header-shapes/doodle.png]
[dedeluxe.info/wp-content/plugins/kubio/lib/shapes/header-shapes/falling-stars.png]
[dedeluxe.info/wp-content/plugins/kubio/lib/shapes/header-shapes/grain.png]
[dedeluxe.info/wp-content/plugins/kubio/lib/shapes/header-shapes/poly1.png]
[dedeluxe.info/wp-content/plugins/kubio/lib/shapes/header-shapes/poly2.png]
[dedeluxe.info/wp-content/plugins/kubio/lib/shapes/header-shapes/wavy-lines.png]
[dedeluxe.info/wp-content/uploads/2025/11/magicpattern-unsplash-1.jpg]
[dedeluxe.info/wp-includes/js/jquery/jquery.minf43b.js]
[dedeluxe.info/wp-includes/js/jquery/jquery-migrate.min5589.js]
[dedeluxe.info/wp-json/index.html]
[dedeluxe.info/wp-json/wp/v2/pages/58.json]
[dedeluxe.info/wp-json/oembed/1.0/embed22ce.json]
[dedeluxe.info/wp-json/oembed/1.0/embed98a6]
[dedeluxe.info/wp-content/uploads/2025/11/20210211_211000-1.gif]
[dedeluxe.info/wp-content/uploads/2025/11/Copy-of-20201012_012315.png]
[dedeluxe.info/wp-content/uploads/2025/11/22222.webp]
[dedeluxe.info/wp-content/uploads/2025/11/WA002watermark-king.png]
[dedeluxe.info/wp-content/uploads/2025/11/5b4G01qDFbRvOeV4f3.gif]
[dedeluxe.info/wp-content/uploads/2025/11/magicpattern-unsplash4.jpg]
[dedeluxe.info/wp-content/uploads/2025/11/IMG_20230204_024934_852.jpg]
[dedeluxe.info/wp-content/uploads/2025/11/photo_2025-07-30_12-04-03.jpg]
[dedeluxe.info/purplenotebook/index.html]
[dedeluxe.info/wp-content/uploads/2025/11/Copy-of-20201012_012315-1.png]
[dedeluxe.info/wp-content/uploads/2025/11/LoveNotes_Background.gif]
[dedeluxe.info/wp-content/uploads/2025/11/9.jpg]
[dedeluxe.info/wp-content/uploads/2025/11/2.jpg]
[dedeluxe.info/blog/index.html]
[dedeluxe.info/wp-content/uploads/2025/11/12.jpg]
[dedeluxe.info/wp-content/uploads/2025/11/11.jpg]
[dedeluxe.info/wp-content/uploads/2025/11/10.jpg]
[dedeluxe.info/wp-content/uploads/2025/11/7.jpg]
[dedeluxe.info/wp-content/uploads/2025/11/8.jpg]
[dedeluxe.info/wp-content/uploads/2025/11/5.jpg]
[dedeluxe.info/wp-content/uploads/2025/11/4.jpg]
[dedeluxe.info/wp-content/uploads/2025/11/6.jpg]
[dedeluxe.info/wp-content/uploads/2025/11/3.jpg]
[dedeluxe.info/wp-content/uploads/2025/11/1.jpg]
[dedeluxe.info/wp-content/plugins/kubio/static/fancybox/jquery.fancybox.min830f.js]
[dedeluxe.info/wp-includes/js/dist/hooks.min4fdd.js]
[dedeluxe.info/wp-includes/js/dist/i18n.minc33c.js]
[dedeluxe.info/wp-content/plugins/contact-form-7/includes/swv/js/indexc098.js]
[dedeluxe.info/hello-world/index.html]
[dedeluxe.info/wp-content/plugins/contact-form-7/includes/js/indexc098.js]
[dedeluxe.info/wp-content/plugins/kubio/build/scripts/index830f.js]
[dedeluxe.info/wp-content/plugins/kubio/build/frontend/index83fa.js]
[dedeluxe.info/index.html]
[dedeluxe.info/xmlrpc0db0.html]
[dedeluxe.info/2025/11/04/index.html]
[dedeluxe.info/lorem-ipsum-3/index.html]
[dedeluxe.info/wp-content/uploads/2025/11/Screenshot-2025-10-28-141627.png]
[dedeluxe.info/2021/12/10/index.html]
[dedeluxe.info/lorem-ipsum-2/index.html]
[dedeluxe.info/wp-json/wp/v2/pages/291.json]
[dedeluxe.info/wp-json/oembed/1.0/embed5f4b.json]
[dedeluxe.info/wp-json/oembed/1.0/embed8528]
[dedeluxeinfo5021.live-website.com/wp-content/uploads/2025/11/Screenshot-2025-10-28-141627.png]
[dedeluxe.info/purplenotebook/index.html]
[dedeluxe.info/wp-includes/js/imagesloaded.minbb93.js]
[dedeluxe.info/wp-includes/js/masonry.min3a05.js]
[dedeluxe.info/lorem-ipsum/index.html]
[dedeluxe.info/wp-includes/js/jquery/jquery.masonry.minef70.js]
[dedeluxe.info/blog/index.html]
[dedeluxe.info/wp-json/wp/v2/posts/1.json]
[dedeluxe.info/wp-json/oembed/1.0/embeda913.json]
[dedeluxe.info/wp-json/oembed/1.0/embed7e8c]
[dedeluxe.info/wp-includes/js/comment-reply.min32d4.js]
[dedeluxe.info/hello-world/index.html]
[dedeluxe.info/2025/11/04/index.html]
[dedeluxe.info/wp-json/wp/v2/posts/222.json]
[dedeluxe.info/wp-json/oembed/1.0/embed58f8.json]
[dedeluxe.info/wp-json/oembed/1.0/embeda861]
[dedeluxe.info/lorem-ipsum-3/index.html]
[dedeluxe.info/2021/12/10/index.html]
[dedeluxe.info/wp-json/wp/v2/posts/60.json]
[dedeluxe.info/wp-json/oembed/1.0/embedb7c4.json]
[dedeluxe.info/wp-json/oembed/1.0/embed225b]
[dedeluxe.info/lorem-ipsum-2/index.html]
[dedeluxe.info/index820e.html]
[dedeluxe.info/wp-json/wp/v2/posts/223.json]
[dedeluxe.info/wp-json/oembed/1.0/embed1a57.json]
[dedeluxe.info/wp-json/oembed/1.0/embed2956]
[dedeluxe.info/lorem-ipsum/index.html]
[dedeluxe.info/indexcff1.html]
[dedeluxe.info/indexb4c1.html]
[dedeluxe.info/index0721.html]
[dedeluxe.info/indexd027.html]
[dedeluxe.info/wp-content/plugins/kubio/static/fancybox/jquery.fancybox.minc680.css]
[dedeluxe.info/wp-content/plugins/kubio/build/block-library/stylec680.css]
[dedeluxe.info/wp-json/index.html]
[dedeluxe.info/wp-includes/css/dist/block-library/style.min32d4.css]
[dedeluxe.info/wp-content/plugins/contact-form-7/includes/css/stylesc098.css]
[dedeluxe.info/wp-json/wp/v2/pages/58.json]
[dedeluxe.info/wp-json/oembed/1.0/embed22ce.json]
[dedeluxe.info/wp-json/oembed/1.0/embed98a6]
[dedeluxe.info/wp-content/plugins/github-embed/img/github-logos/mark.png]
[dedeluxe.info/wp-content/plugins/github-embed/img/github-logos/octocat.png]
[dedeluxe.info/wp-content/plugins/github-embed/css/github-embed32d4.css]
[dedeluxe.info/wp-content/plugins/kubio/build/third-party-blocks/stylec680.css]
[dedeluxe.info/wp-content/themes/kubio/resources/theme/fse-base-styleba1b.css]
[dedeluxe.info/xmlrpc0db0.html]
[dedeluxe.info/purplenotebook/index.html]
[dedeluxe.info/hello-world/index.html]
[dedeluxe.info/index820e.html]
[dedeluxe.info/lorem-ipsum/index.html]
[dedeluxe.info/indexcff1.html]
[dedeluxe.info/indexb4c1.html]
[dedeluxe.info/wp-json/oembed/1.0/embed5f4b.json]
[dedeluxe.info/index0721.html]
[dedeluxe.info/wp-json/oembed/1.0/embed7e8c]
[dedeluxe.info/wp-json/oembed/1.0/embeda913.json]
[dedeluxe.info/indexd027.html]
[dedeluxe.info/wp-json/oembed/1.0/embed58f8.json]
[dedeluxe.info/wp-json/oembed/1.0/embedb7c4.json]
[dedeluxe.info/wp-json/oembed/1.0/embed2956]
